::1 - - [31/Jul/2026 15:21:48] "GET /index.html HTTP/1.1" 200 -
::1 - - [31/Jul/2026 15:21:59] "GET / HTTP/1.1" 200 -
::1 - - [31/Jul/2026 15:21:59] "GET /chunk-VFPTWAQB.js HTTP/1.1" 200 -
::1 - - [31/Jul/2026 15:21:59] "GET /chunk-UBWMV4FE.js HTTP/1.1" 200 -
::1 - - [31/Jul/2026 15:21:59] "GET /chunk-2HMXSIB4.js HTTP/1.1" 200 -
::1 - - [31/Jul/2026 15:21:59] "GET /chunk-ADOHQ6S5.js HTTP/1.1" 200 -
::1 - - [31/Jul/2026 15:21:59] "GET /chunk-WQ5QNQHU.js HTTP/1.1" 200 -
::1 - - [31/Jul/2026 15:21:59] "GET /chunk-U3QUSVWF.js HTTP/1.1" 200 -
::1 - - [31/Jul/2026 15:21:59] "GET /chunk-P5F2CDVH.js HTTP/1.1" 200 -
::1 - - [31/Jul/2026 15:21:59] "GET /chunk-V2GYWSNP.js HTTP/1.1" 200 -
::1 - - [31/Jul/2026 15:21:59] "GET /chunk-LACFMKT5.js HTTP/1.1" 200 -
::1 - - [31/Jul/2026 15:21:59] "GET /main-F7DHNMB2.js HTTP/1.1" 200 -
::1 - - [31/Jul/2026 15:21:59] "GET /polyfills-FFHMD2TL.js HTTP/1.1" 200 -
::1 - - [31/Jul/2026 15:21:59] "GET /chunk-3UMYUE7R.js HTTP/1.1" 200 -
::1 - - [31/Jul/2026 15:21:59] "GET /scripts-TMQYCNP6.js HTTP/1.1" 200 -
::1 - - [31/Jul/2026 15:22:00] "GET /styles-JPLNJ2AR.css HTTP/1.1" 200 -
::1 - - [31/Jul/2026 15:22:00] "GET /chunk-ORIROVWV.js HTTP/1.1" 200 -
::1 - - [31/Jul/2026 15:22:00] "GET /chunk-TFBB7BQR.js HTTP/1.1" 200 -
::1 - - [31/Jul/2026 15:22:00] "GET /chunk-YB4HZDIF.js HTTP/1.1" 200 -
::1 - - [31/Jul/2026 15:22:00] "GET /chunk-LSLEBG53.js HTTP/1.1" 200 -
::1 - - [31/Jul/2026 15:22:00] "GET /chunk-FUORBATF.js HTTP/1.1" 200 -
::1 - - [31/Jul/2026 15:22:00] "GET /chunk-UCUPAFA6.js HTTP/1.1" 200 -
::1 - - [31/Jul/2026 15:22:00] "GET /chunk-4ZSZJ5UC.js HTTP/1.1" 200 -
::1 - - [31/Jul/2026 15:22:00] "GET /chunk-ARH4UHEY.js HTTP/1.1" 200 -
::1 - - [31/Jul/2026 15:22:00] "GET /chunk-HYGKKHDB.js HTTP/1.1" 200 -
::1 - - [31/Jul/2026 15:22:00] "GET /chunk-BHDQTGP4.js HTTP/1.1" 200 -
::1 - - [31/Jul/2026 15:22:00] "GET /chunk-S2TYHEDL.js HTTP/1.1" 200 -
::1 - - [31/Jul/2026 15:22:00] "GET /chunk-XJB4HP7U.js HTTP/1.1" 200 -
::1 - - [31/Jul/2026 15:22:00] "GET /chunk-JSLFR2CO.js HTTP/1.1" 200 -
::1 - - [31/Jul/2026 15:22:00] "GET /chunk-UHWNO46N.js HTTP/1.1" 200 -
::1 - - [31/Jul/2026 15:22:00] "GET /chunk-UK5GPZTB.js HTTP/1.1" 200 -
::1 - - [31/Jul/2026 15:22:00] "GET /chunk-BJUWAUZL.js HTTP/1.1" 200 -
::1 - - [31/Jul/2026 15:22:00] "GET /chunk-36QD2T2P.js HTTP/1.1" 200 -
::1 - - [31/Jul/2026 15:22:00] "GET /ngsw-worker.js HTTP/1.1" 200 -
::1 - - [31/Jul/2026 15:22:00] "GET /ngsw.json?ngsw-cache-bust=0.016631366916262547 HTTP/1.1" 200 -
::1 - - [31/Jul/2026 15:24:02] "GET / HTTP/1.1" 200 -
::1 - - [31/Jul/2026 15:24:02] "GET /chunk-2HMXSIB4.js HTTP/1.1" 200 -
::1 - - [31/Jul/2026 15:24:02] "GET /chunk-UBWMV4FE.js HTTP/1.1" 200 -
::1 - - [31/Jul/2026 15:24:02] "GET /chunk-VFPTWAQB.js HTTP/1.1" 200 -
::1 - - [31/Jul/2026 15:24:02] "GET /chunk-ADOHQ6S5.js HTTP/1.1" 200 -
::1 - - [31/Jul/2026 15:24:02] "GET /chunk-WQ5QNQHU.js HTTP/1.1" 200 -
::1 - - [31/Jul/2026 15:24:02] "GET /chunk-U3QUSVWF.js HTTP/1.1" 200 -
::1 - - [31/Jul/2026 15:24:02] "GET /chunk-P5F2CDVH.js HTTP/1.1" 200 -
::1 - - [31/Jul/2026 15:24:02] "GET /polyfills-FFHMD2TL.js HTTP/1.1" 200 -
::1 - - [31/Jul/2026 15:24:02] "GET /chunk-LACFMKT5.js HTTP/1.1" 200 -
::1 - - [31/Jul/2026 15:24:02] "GET /main-F7DHNMB2.js HTTP/1.1" 200 -
::1 - - [31/Jul/2026 15:24:02] "GET /chunk-3UMYUE7R.js HTTP/1.1" 200 -
::1 - - [31/Jul/2026 15:24:02] "GET /chunk-V2GYWSNP.js HTTP/1.1" 200 -
::1 - - [31/Jul/2026 15:24:03] "GET /scripts-TMQYCNP6.js HTTP/1.1" 200 -
::1 - - [31/Jul/2026 15:24:03] "GET /styles-JPLNJ2AR.css HTTP/1.1" 200 -
::1 - - [31/Jul/2026 15:24:03] "GET /chunk-FUORBATF.js HTTP/1.1" 200 -
::1 - - [31/Jul/2026 15:24:03] "GET /chunk-ORIROVWV.js HTTP/1.1" 200 -
::1 - - [31/Jul/2026 15:24:03] "GET /chunk-UCUPAFA6.js HTTP/1.1" 200 -
::1 - - [31/Jul/2026 15:24:03] "GET /chunk-LSLEBG53.js HTTP/1.1" 200 -
::1 - - [31/Jul/2026 15:24:03] "GET /chunk-TFBB7BQR.js HTTP/1.1" 200 -
::1 - - [31/Jul/2026 15:24:03] "GET /chunk-YB4HZDIF.js HTTP/1.1" 200 -
::1 - - [31/Jul/2026 15:24:03] "GET /chunk-ARH4UHEY.js HTTP/1.1" 200 -
::1 - - [31/Jul/2026 15:24:03] "GET /chunk-4ZSZJ5UC.js HTTP/1.1" 200 -
::1 - - [31/Jul/2026 15:24:03] "GET /chunk-BHDQTGP4.js HTTP/1.1" 200 -
::1 - - [31/Jul/2026 15:24:03] "GET /chunk-S2TYHEDL.js HTTP/1.1" 200 -
::1 - - [31/Jul/2026 15:24:03] "GET /chunk-HYGKKHDB.js HTTP/1.1" 200 -
::1 - - [31/Jul/2026 15:24:03] "GET /chunk-XJB4HP7U.js HTTP/1.1" 200 -
::1 - - [31/Jul/2026 15:24:03] "GET /chunk-UK5GPZTB.js HTTP/1.1" 200 -
::1 - - [31/Jul/2026 15:24:03] "GET /chunk-JSLFR2CO.js HTTP/1.1" 200 -
::1 - - [31/Jul/2026 15:24:03] "GET /chunk-BJUWAUZL.js HTTP/1.1" 200 -
::1 - - [31/Jul/2026 15:24:03] "GET /chunk-36QD2T2P.js HTTP/1.1" 200 -
::1 - - [31/Jul/2026 15:24:03] "GET /chunk-UHWNO46N.js HTTP/1.1" 200 -
::1 - - [31/Jul/2026 15:24:03] "GET /ngsw-worker.js HTTP/1.1" 200 -
::1 - - [31/Jul/2026 15:24:03] "GET /ngsw.json?ngsw-cache-bust=0.5805902062816849 HTTP/1.1" 200 -
::1 - - [31/Jul/2026 15:24:47] "GET / HTTP/1.1" 304 -
::1 - - [31/Jul/2026 15:24:47] "GET /chunk-WQ5QNQHU.js HTTP/1.1" 304 -
::1 - - [31/Jul/2026 15:24:47] "GET /chunk-VFPTWAQB.js HTTP/1.1" 304 -
::1 - - [31/Jul/2026 15:24:47] "GET /chunk-ADOHQ6S5.js HTTP/1.1" 304 -
::1 - - [31/Jul/2026 15:24:47] "GET /chunk-2HMXSIB4.js HTTP/1.1" 304 -
::1 - - [31/Jul/2026 15:24:47] "GET /chunk-UBWMV4FE.js HTTP/1.1" 304 -
::1 - - [31/Jul/2026 15:24:47] "GET /chunk-U3QUSVWF.js HTTP/1.1" 304 -
::1 - - [31/Jul/2026 15:24:47] "GET /chunk-P5F2CDVH.js HTTP/1.1" 304 -
::1 - - [31/Jul/2026 15:24:47] "GET /chunk-V2GYWSNP.js HTTP/1.1" 304 -
::1 - - [31/Jul/2026 15:24:47] "GET /chunk-3UMYUE7R.js HTTP/1.1" 304 -
::1 - - [31/Jul/2026 15:24:47] "GET /chunk-LACFMKT5.js HTTP/1.1" 304 -
::1 - - [31/Jul/2026 15:24:47] "GET /polyfills-FFHMD2TL.js HTTP/1.1" 304 -
::1 - - [31/Jul/2026 15:24:47] "GET /main-F7DHNMB2.js HTTP/1.1" 304 -
::1 - - [31/Jul/2026 15:24:47] "GET /styles-JPLNJ2AR.css HTTP/1.1" 304 -
::1 - - [31/Jul/2026 15:24:47] "GET /scripts-TMQYCNP6.js HTTP/1.1" 304 -
::1 - - [31/Jul/2026 15:24:47] "GET /chunk-ORIROVWV.js HTTP/1.1" 304 -
::1 - - [31/Jul/2026 15:24:47] "GET /chunk-UCUPAFA6.js HTTP/1.1" 304 -
::1 - - [31/Jul/2026 15:24:47] "GET /chunk-TFBB7BQR.js HTTP/1.1" 304 -
::1 - - [31/Jul/2026 15:24:47] "GET /chunk-FUORBATF.js HTTP/1.1" 304 -
::1 - - [31/Jul/2026 15:24:47] "GET /chunk-LSLEBG53.js HTTP/1.1" 304 -
::1 - - [31/Jul/2026 15:24:47] "GET /chunk-ARH4UHEY.js HTTP/1.1" 304 -
::1 - - [31/Jul/2026 15:24:47] "GET /chunk-YB4HZDIF.js HTTP/1.1" 304 -
::1 - - [31/Jul/2026 15:24:47] "GET /chunk-4ZSZJ5UC.js HTTP/1.1" 304 -
::1 - - [31/Jul/2026 15:24:47] "GET /chunk-BHDQTGP4.js HTTP/1.1" 304 -
::1 - - [31/Jul/2026 15:24:47] "GET /chunk-HYGKKHDB.js HTTP/1.1" 304 -
::1 - - [31/Jul/2026 15:24:47] "GET /chunk-S2TYHEDL.js HTTP/1.1" 304 -
::1 - - [31/Jul/2026 15:24:47] "GET /chunk-XJB4HP7U.js HTTP/1.1" 304 -
::1 - - [31/Jul/2026 15:24:47] "GET /chunk-UHWNO46N.js HTTP/1.1" 304 -
::1 - - [31/Jul/2026 15:24:47] "GET /chunk-JSLFR2CO.js HTTP/1.1" 304 -
::1 - - [31/Jul/2026 15:24:47] "GET /chunk-UK5GPZTB.js HTTP/1.1" 304 -
::1 - - [31/Jul/2026 15:24:47] "GET /chunk-36QD2T2P.js HTTP/1.1" 304 -
::1 - - [31/Jul/2026 15:24:47] "GET /chunk-BJUWAUZL.js HTTP/1.1" 304 -
::1 - - [31/Jul/2026 15:24:49] "GET /ngsw-worker.js HTTP/1.1" 304 -
::1 - - [31/Jul/2026 15:24:57] "GET /ngsw.json?ngsw-cache-bust=0.49893198092054614 HTTP/1.1" 200 -
::1 - - [31/Jul/2026 15:24:57] "GET /ngsw.json?ngsw-cache-bust=0.4276705224093271 HTTP/1.1" 200 -
::1 - - [31/Jul/2026 15:25:27] "GET / HTTP/1.1" 200 -
::1 - - [31/Jul/2026 15:25:27] "GET /chunk-OMPJPS4Q.js HTTP/1.1" 200 -
::1 - - [31/Jul/2026 15:25:27] "GET /styles.css HTTP/1.1" 200 -
::1 - - [31/Jul/2026 15:25:27] "GET /chunk-7ULTCUJI.js HTTP/1.1" 200 -
::1 - - [31/Jul/2026 15:25:27] "GET /chunk-QLFCWGUP.js HTTP/1.1" 200 -
::1 - - [31/Jul/2026 15:25:27] "GET /chunk-6ZA4BFOO.js HTTP/1.1" 200 -
::1 - - [31/Jul/2026 15:25:27] "GET /chunk-VWDTU7RO.js HTTP/1.1" 200 -
::1 - - [31/Jul/2026 15:25:27] "GET /chunk-HHJLFNAI.js HTTP/1.1" 200 -
::1 - - [31/Jul/2026 15:25:27] "GET /chunk-4MOJ4O65.js HTTP/1.1" 200 -
::1 - - [31/Jul/2026 15:25:27] "GET /chunk-KFSFVV3J.js HTTP/1.1" 200 -
::1 - - [31/Jul/2026 15:25:27] "GET /chunk-RYXOQ5GK.js HTTP/1.1" 200 -
::1 - - [31/Jul/2026 15:25:27] "GET /chunk-ZF2JI2OZ.js HTTP/1.1" 200 -
::1 - - [31/Jul/2026 15:25:27] "GET /polyfills.js HTTP/1.1" 200 -
::1 - - [31/Jul/2026 15:25:27] "GET /main.js HTTP/1.1" 200 -
::1 - - [31/Jul/2026 15:25:27] "GET /scripts.js HTTP/1.1" 200 -
::1 - - [31/Jul/2026 15:25:27] "GET /chunk-H53E6C4H.js HTTP/1.1" 200 -
::1 - - [31/Jul/2026 15:25:27] "GET /chunk-NLFBYSBB.js HTTP/1.1" 200 -
::1 - - [31/Jul/2026 15:25:27] "GET /chunk-QCQRRBNO.js HTTP/1.1" 200 -
::1 - - [31/Jul/2026 15:25:27] "GET /chunk-JKR5GP75.js HTTP/1.1" 200 -
::1 - - [31/Jul/2026 15:25:27] "GET /chunk-A6JLTR6I.js HTTP/1.1" 200 -
::1 - - [31/Jul/2026 15:25:27] "GET /chunk-PDGNWOVK.js HTTP/1.1" 200 -
::1 - - [31/Jul/2026 15:25:27] "GET /chunk-RWDDEN2R.js HTTP/1.1" 200 -
::1 - - [31/Jul/2026 15:25:27] "GET /chunk-GCY3ZVMD.js HTTP/1.1" 200 -
::1 - - [31/Jul/2026 15:25:27] "GET /chunk-ECFI3NUN.js HTTP/1.1" 200 -
::1 - - [31/Jul/2026 15:25:27] "GET /chunk-MGHTA7Q3.js HTTP/1.1" 200 -
::1 - - [31/Jul/2026 15:25:27] "GET /chunk-RXJXNHXC.js HTTP/1.1" 200 -
::1 - - [31/Jul/2026 15:25:27] "GET /chunk-FCXAKPID.js HTTP/1.1" 200 -
::1 - - [31/Jul/2026 15:25:27] "GET /chunk-G4FIQTRN.js HTTP/1.1" 200 -
::1 - - [31/Jul/2026 15:25:27] "GET /chunk-FVRPRBE5.js HTTP/1.1" 200 -
::1 - - [31/Jul/2026 15:25:27] "GET /chunk-6N7CR2RH.js HTTP/1.1" 200 -
::1 - - [31/Jul/2026 15:25:27] "GET /chunk-TYHQVS4O.js HTTP/1.1" 200 -
::1 - - [31/Jul/2026 15:25:27] "GET /chunk-QL55EW5I.js HTTP/1.1" 200 -
::1 - - [31/Jul/2026 15:25:28] "GET /chunk-25F7RKGM.js HTTP/1.1" 200 -
::1 - - [31/Jul/2026 15:25:28] "GET /media/primeicons.woff2 HTTP/1.1" 200 -
::1 - - [31/Jul/2026 15:25:28] "GET /chunk-B2R7QU53.js HTTP/1.1" 200 -
::1 - - [31/Jul/2026 15:25:28] "GET /chunk-BC2KZ5KL.js HTTP/1.1" 200 -
::1 - - [31/Jul/2026 15:25:28] "GET /chunk-NVW6GPJQ.js HTTP/1.1" 200 -
::1 - - [31/Jul/2026 15:25:28] "GET /chunk-OLB6YPLC.js HTTP/1.1" 200 -
::1 - - [31/Jul/2026 15:25:28] "GET /chunk-FWW63OJ4.js HTTP/1.1" 200 -
::1 - - [31/Jul/2026 15:25:30] code 404, message File not found
::1 - - [31/Jul/2026 15:25:30] "GET /ngsw-worker.js HTTP/1.1" 404 -
::1 - - [31/Jul/2026 15:25:38] code 404, message File not found
::1 - - [31/Jul/2026 15:25:38] "GET /ngsw.json?ngsw-cache-bust=0.406757650374151 HTTP/1.1" 404 -
::1 - - [31/Jul/2026 15:26:22] "GET / HTTP/1.1" 200 -
::1 - - [31/Jul/2026 15:26:22] "GET /chunk-OMPJPS4Q.js HTTP/1.1" 200 -
::1 - - [31/Jul/2026 15:26:22] "GET /styles.css HTTP/1.1" 200 -
::1 - - [31/Jul/2026 15:26:22] "GET /chunk-QLFCWGUP.js HTTP/1.1" 200 -
::1 - - [31/Jul/2026 15:26:22] "GET /chunk-7ULTCUJI.js HTTP/1.1" 200 -
::1 - - [31/Jul/2026 15:26:22] "GET /chunk-VWDTU7RO.js HTTP/1.1" 200 -
::1 - - [31/Jul/2026 15:26:22] "GET /chunk-6ZA4BFOO.js HTTP/1.1" 200 -
::1 - - [31/Jul/2026 15:26:22] "GET /chunk-HHJLFNAI.js HTTP/1.1" 200 -
::1 - - [31/Jul/2026 15:26:22] "GET /chunk-KFSFVV3J.js HTTP/1.1" 200 -
::1 - - [31/Jul/2026 15:26:22] "GET /chunk-4MOJ4O65.js HTTP/1.1" 200 -
::1 - - [31/Jul/2026 15:26:22] "GET /chunk-RYXOQ5GK.js HTTP/1.1" 200 -
::1 - - [31/Jul/2026 15:26:22] "GET /chunk-ZF2JI2OZ.js HTTP/1.1" 200 -
::1 - - [31/Jul/2026 15:26:22] "GET /polyfills.js HTTP/1.1" 200 -
::1 - - [31/Jul/2026 15:26:22] "GET /main.js HTTP/1.1" 200 -
::1 - - [31/Jul/2026 15:26:22] "GET /scripts.js HTTP/1.1" 200 -
::1 - - [31/Jul/2026 15:26:23] "GET /chunk-H53E6C4H.js HTTP/1.1" 200 -
::1 - - [31/Jul/2026 15:26:23] "GET /chunk-QCQRRBNO.js HTTP/1.1" 200 -
::1 - - [31/Jul/2026 15:26:23] "GET /chunk-PDGNWOVK.js HTTP/1.1" 200 -
::1 - - [31/Jul/2026 15:26:23] "GET /chunk-A6JLTR6I.js HTTP/1.1" 200 -
::1 - - [31/Jul/2026 15:26:23] "GET /chunk-NLFBYSBB.js HTTP/1.1" 200 -
::1 - - [31/Jul/2026 15:26:23] "GET /chunk-JKR5GP75.js HTTP/1.1" 200 -
::1 - - [31/Jul/2026 15:26:23] "GET /chunk-RWDDEN2R.js HTTP/1.1" 200 -
::1 - - [31/Jul/2026 15:26:23] "GET /chunk-MGHTA7Q3.js HTTP/1.1" 200 -
::1 - - [31/Jul/2026 15:26:23] "GET /chunk-ECFI3NUN.js HTTP/1.1" 200 -
::1 - - [31/Jul/2026 15:26:23] "GET /chunk-GCY3ZVMD.js HTTP/1.1" 200 -
::1 - - [31/Jul/2026 15:26:23] "GET /chunk-RXJXNHXC.js HTTP/1.1" 200 -
::1 - - [31/Jul/2026 15:26:23] "GET /chunk-G4FIQTRN.js HTTP/1.1" 200 -
::1 - - [31/Jul/2026 15:26:23] "GET /chunk-FCXAKPID.js HTTP/1.1" 200 -
::1 - - [31/Jul/2026 15:26:23] "GET /chunk-FVRPRBE5.js HTTP/1.1" 200 -
::1 - - [31/Jul/2026 15:26:23] "GET /chunk-6N7CR2RH.js HTTP/1.1" 200 -
::1 - - [31/Jul/2026 15:26:23] "GET /chunk-TYHQVS4O.js HTTP/1.1" 200 -
::1 - - [31/Jul/2026 15:26:23] "GET /chunk-QL55EW5I.js HTTP/1.1" 200 -
::1 - - [31/Jul/2026 15:26:23] "GET /chunk-25F7RKGM.js HTTP/1.1" 200 -
::1 - - [31/Jul/2026 15:26:23] "GET /chunk-NVW6GPJQ.js HTTP/1.1" 200 -
::1 - - [31/Jul/2026 15:26:23] "GET /media/primeicons.woff2 HTTP/1.1" 200 -
::1 - - [31/Jul/2026 15:26:23] "GET /chunk-BC2KZ5KL.js HTTP/1.1" 200 -
::1 - - [31/Jul/2026 15:26:23] "GET /chunk-B2R7QU53.js HTTP/1.1" 200 -
::1 - - [31/Jul/2026 15:26:23] "GET /chunk-FWW63OJ4.js HTTP/1.1" 200 -
::1 - - [31/Jul/2026 15:26:23] "GET /chunk-OLB6YPLC.js HTTP/1.1" 200 -
::1 - - [31/Jul/2026 15:27:37] "GET / HTTP/1.1" 200 -
::1 - - [31/Jul/2026 15:27:50] "GET / HTTP/1.1" 304 -
::1 - - [31/Jul/2026 15:27:50] "GET /styles.css HTTP/1.1" 304 -
::1 - - [31/Jul/2026 15:27:50] "GET /chunk-VWDTU7RO.js HTTP/1.1" 304 -
::1 - - [31/Jul/2026 15:27:50] "GET /chunk-HHJLFNAI.js HTTP/1.1" 304 -
::1 - - [31/Jul/2026 15:27:50] "GET /chunk-7ULTCUJI.js HTTP/1.1" 304 -
::1 - - [31/Jul/2026 15:27:50] "GET /chunk-QLFCWGUP.js HTTP/1.1" 304 -
::1 - - [31/Jul/2026 15:27:50] "GET /chunk-4MOJ4O65.js HTTP/1.1" 304 -
::1 - - [31/Jul/2026 15:27:50] "GET /chunk-6ZA4BFOO.js HTTP/1.1" 304 -
::1 - - [31/Jul/2026 15:27:50] "GET /chunk-OMPJPS4Q.js HTTP/1.1" 304 -
::1 - - [31/Jul/2026 15:27:50] "GET /chunk-KFSFVV3J.js HTTP/1.1" 304 -
::1 - - [31/Jul/2026 15:27:50] "GET /chunk-ZF2JI2OZ.js HTTP/1.1" 304 -
::1 - - [31/Jul/2026 15:27:50] "GET /chunk-RYXOQ5GK.js HTTP/1.1" 304 -
::1 - - [31/Jul/2026 15:27:50] "GET /polyfills.js HTTP/1.1" 304 -
::1 - - [31/Jul/2026 15:27:50] "GET /main.js HTTP/1.1" 304 -
::1 - - [31/Jul/2026 15:27:50] "GET /scripts.js HTTP/1.1" 304 -
::1 - - [31/Jul/2026 15:27:50] "GET /chunk-H53E6C4H.js HTTP/1.1" 304 -
::1 - - [31/Jul/2026 15:27:50] "GET /chunk-NLFBYSBB.js HTTP/1.1" 304 -
::1 - - [31/Jul/2026 15:27:50] "GET /chunk-QCQRRBNO.js HTTP/1.1" 304 -
::1 - - [31/Jul/2026 15:27:50] "GET /chunk-A6JLTR6I.js HTTP/1.1" 304 -
::1 - - [31/Jul/2026 15:27:50] "GET /chunk-RWDDEN2R.js HTTP/1.1" 304 -
::1 - - [31/Jul/2026 15:27:50] "GET /chunk-PDGNWOVK.js HTTP/1.1" 304 -
::1 - - [31/Jul/2026 15:27:50] "GET /chunk-JKR5GP75.js HTTP/1.1" 304 -
::1 - - [31/Jul/2026 15:27:50] "GET /chunk-GCY3ZVMD.js HTTP/1.1" 304 -
::1 - - [31/Jul/2026 15:27:50] "GET /chunk-ECFI3NUN.js HTTP/1.1" 304 -
::1 - - [31/Jul/2026 15:27:50] "GET /chunk-MGHTA7Q3.js HTTP/1.1" 304 -
::1 - - [31/Jul/2026 15:27:50] "GET /chunk-RXJXNHXC.js HTTP/1.1" 304 -
::1 - - [31/Jul/2026 15:27:50] "GET /chunk-FCXAKPID.js HTTP/1.1" 304 -
::1 - - [31/Jul/2026 15:27:50] "GET /chunk-G4FIQTRN.js HTTP/1.1" 304 -
::1 - - [31/Jul/2026 15:27:50] "GET /chunk-6N7CR2RH.js HTTP/1.1" 304 -
::1 - - [31/Jul/2026 15:27:50] "GET /chunk-FVRPRBE5.js HTTP/1.1" 304 -
::1 - - [31/Jul/2026 15:27:50] "GET /chunk-QL55EW5I.js HTTP/1.1" 304 -
::1 - - [31/Jul/2026 15:27:50] "GET /chunk-TYHQVS4O.js HTTP/1.1" 304 -
::1 - - [31/Jul/2026 15:27:50] "GET /chunk-25F7RKGM.js HTTP/1.1" 304 -
::1 - - [31/Jul/2026 15:27:50] "GET /media/primeicons.woff2 HTTP/1.1" 304 -
::1 - - [31/Jul/2026 15:27:50] "GET /chunk-B2R7QU53.js HTTP/1.1" 304 -
::1 - - [31/Jul/2026 15:27:50] "GET /chunk-BC2KZ5KL.js HTTP/1.1" 304 -
::1 - - [31/Jul/2026 15:27:50] "GET /chunk-FWW63OJ4.js HTTP/1.1" 304 -
::1 - - [31/Jul/2026 15:27:50] "GET /chunk-OLB6YPLC.js HTTP/1.1" 304 -
::1 - - [31/Jul/2026 15:27:50] "GET /chunk-NVW6GPJQ.js HTTP/1.1" 304 -
::1 - - [31/Jul/2026 15:28:43] "GET / HTTP/1.1" 200 -
::1 - - [31/Jul/2026 15:28:43] "GET /styles.css HTTP/1.1" 200 -
::1 - - [31/Jul/2026 15:28:43] "GET /chunk-QCQRRBNO.js HTTP/1.1" 200 -
::1 - - [31/Jul/2026 15:28:43] "GET /chunk-VWDTU7RO.js HTTP/1.1" 200 -
::1 - - [31/Jul/2026 15:28:43] "GET /chunk-NRWN5JBX.js HTTP/1.1" 200 -
::1 - - [31/Jul/2026 15:28:43] "GET /chunk-A6JLTR6I.js HTTP/1.1" 200 -
::1 - - [31/Jul/2026 15:28:43] "GET /chunk-OMPJPS4Q.js HTTP/1.1" 200 -
::1 - - [31/Jul/2026 15:28:43] "GET /chunk-QLFCWGUP.js HTTP/1.1" 200 -
::1 - - [31/Jul/2026 15:28:43] "GET /chunk-7ULTCUJI.js HTTP/1.1" 200 -
::1 - - [31/Jul/2026 15:28:43] "GET /chunk-PDGNWOVK.js HTTP/1.1" 200 -
::1 - - [31/Jul/2026 15:28:43] "GET /chunk-JKR5GP75.js HTTP/1.1" 200 -
::1 - - [31/Jul/2026 15:28:43] "GET /chunk-RWDDEN2R.js HTTP/1.1" 200 -
::1 - - [31/Jul/2026 15:28:43] "GET /polyfills.js HTTP/1.1" 200 -
::1 - - [31/Jul/2026 15:28:43] "GET /main.js HTTP/1.1" 200 -
::1 - - [31/Jul/2026 15:28:43] "GET /scripts.js HTTP/1.1" 200 -
::1 - - [31/Jul/2026 15:28:43] "GET /chunk-GCY3ZVMD.js HTTP/1.1" 200 -
::1 - - [31/Jul/2026 15:28:43] "GET /chunk-ECFI3NUN.js HTTP/1.1" 200 -
::1 - - [31/Jul/2026 15:28:43] "GET /chunk-6ZA4BFOO.js HTTP/1.1" 200 -
::1 - - [31/Jul/2026 15:28:43] "GET /chunk-HHJLFNAI.js HTTP/1.1" 200 -
::1 - - [31/Jul/2026 15:28:43] "GET /chunk-MGHTA7Q3.js HTTP/1.1" 200 -
::1 - - [31/Jul/2026 15:28:43] "GET /chunk-4MOJ4O65.js HTTP/1.1" 200 -
::1 - - [31/Jul/2026 15:28:43] "GET /chunk-KFSFVV3J.js HTTP/1.1" 200 -
::1 - - [31/Jul/2026 15:28:43] "GET /chunk-RYXOQ5GK.js HTTP/1.1" 200 -
::1 - - [31/Jul/2026 15:28:43] "GET /chunk-ZF2JI2OZ.js HTTP/1.1" 200 -
::1 - - [31/Jul/2026 15:28:43] "GET /chunk-H53E6C4H.js HTTP/1.1" 200 -
::1 - - [31/Jul/2026 15:28:43] "GET /chunk-RXJXNHXC.js HTTP/1.1" 200 -
::1 - - [31/Jul/2026 15:28:43] "GET /chunk-FCXAKPID.js HTTP/1.1" 200 -
::1 - - [31/Jul/2026 15:28:43] "GET /chunk-G4FIQTRN.js HTTP/1.1" 200 -
::1 - - [31/Jul/2026 15:28:43] "GET /chunk-FVRPRBE5.js HTTP/1.1" 200 -
::1 - - [31/Jul/2026 15:28:43] "GET /chunk-6N7CR2RH.js HTTP/1.1" 200 -
::1 - - [31/Jul/2026 15:28:43] "GET /chunk-TYHQVS4O.js HTTP/1.1" 200 -
::1 - - [31/Jul/2026 15:28:43] "GET /chunk-QL55EW5I.js HTTP/1.1" 200 -
::1 - - [31/Jul/2026 15:28:43] "GET /chunk-X55GDNL3.js HTTP/1.1" 200 -
::1 - - [31/Jul/2026 15:28:43] "GET /media/primeicons.woff2 HTTP/1.1" 200 -
::1 - - [31/Jul/2026 15:28:43] "GET /chunk-B2R7QU53.js HTTP/1.1" 200 -
::1 - - [31/Jul/2026 15:28:43] "GET /chunk-BC2KZ5KL.js HTTP/1.1" 200 -
::1 - - [31/Jul/2026 15:28:43] "GET /chunk-NVW6GPJQ.js HTTP/1.1" 200 -
::1 - - [31/Jul/2026 15:28:43] "GET /chunk-OLB6YPLC.js HTTP/1.1" 200 -
::1 - - [31/Jul/2026 15:28:43] "GET /chunk-FWW63OJ4.js HTTP/1.1" 200 -
::1 - - [31/Jul/2026 15:31:26] "GET / HTTP/1.1" 200 -
::1 - - [31/Jul/2026 15:31:32] "GET /?padLeft=64 HTTP/1.1" 200 -
::1 - - [31/Jul/2026 15:31:32] "GET /styles.css HTTP/1.1" 200 -
::1 - - [31/Jul/2026 15:31:32] "GET /chunk-VWDTU7RO.js HTTP/1.1" 200 -
::1 - - [31/Jul/2026 15:31:32] "GET /chunk-NRWN5JBX.js HTTP/1.1" 200 -
::1 - - [31/Jul/2026 15:31:32] "GET /chunk-QCQRRBNO.js HTTP/1.1" 200 -
::1 - - [31/Jul/2026 15:31:32] "GET /chunk-OMPJPS4Q.js HTTP/1.1" 200 -
::1 - - [31/Jul/2026 15:31:32] "GET /chunk-A6JLTR6I.js HTTP/1.1" 200 -
::1 - - [31/Jul/2026 15:31:32] "GET /chunk-7ULTCUJI.js HTTP/1.1" 200 -
::1 - - [31/Jul/2026 15:31:32] "GET /chunk-QLFCWGUP.js HTTP/1.1" 200 -
::1 - - [31/Jul/2026 15:31:32] "GET /chunk-PDGNWOVK.js HTTP/1.1" 200 -
::1 - - [31/Jul/2026 15:31:32] "GET /chunk-JKR5GP75.js HTTP/1.1" 200 -
::1 - - [31/Jul/2026 15:31:32] "GET /polyfills.js HTTP/1.1" 200 -
::1 - - [31/Jul/2026 15:31:32] "GET /chunk-RWDDEN2R.js HTTP/1.1" 200 -
::1 - - [31/Jul/2026 15:31:32] "GET /main.js HTTP/1.1" 200 -
::1 - - [31/Jul/2026 15:31:32] "GET /scripts.js HTTP/1.1" 200 -
::1 - - [31/Jul/2026 15:31:32] "GET /chunk-ECFI3NUN.js HTTP/1.1" 200 -
::1 - - [31/Jul/2026 15:31:32] "GET /chunk-MGHTA7Q3.js HTTP/1.1" 200 -
::1 - - [31/Jul/2026 15:31:32] "GET /chunk-GCY3ZVMD.js HTTP/1.1" 200 -
::1 - - [31/Jul/2026 15:31:32] "GET /chunk-HHJLFNAI.js HTTP/1.1" 200 -
::1 - - [31/Jul/2026 15:31:32] "GET /chunk-KFSFVV3J.js HTTP/1.1" 200 -
::1 - - [31/Jul/2026 15:31:32] "GET /chunk-6ZA4BFOO.js HTTP/1.1" 200 -
::1 - - [31/Jul/2026 15:31:32] "GET /chunk-4MOJ4O65.js HTTP/1.1" 200 -
::1 - - [31/Jul/2026 15:31:32] "GET /chunk-H53E6C4H.js HTTP/1.1" 200 -
::1 - - [31/Jul/2026 15:31:32] "GET /chunk-RXJXNHXC.js HTTP/1.1" 200 -
::1 - - [31/Jul/2026 15:31:32] "GET /chunk-FCXAKPID.js HTTP/1.1" 200 -
::1 - - [31/Jul/2026 15:31:32] "GET /chunk-RYXOQ5GK.js HTTP/1.1" 200 -
::1 - - [31/Jul/2026 15:31:32] "GET /chunk-ZF2JI2OZ.js HTTP/1.1" 200 -
::1 - - [31/Jul/2026 15:31:32] "GET /chunk-G4FIQTRN.js HTTP/1.1" 200 -
::1 - - [31/Jul/2026 15:31:32] "GET /chunk-QL55EW5I.js HTTP/1.1" 200 -
::1 - - [31/Jul/2026 15:31:32] "GET /chunk-FVRPRBE5.js HTTP/1.1" 200 -
::1 - - [31/Jul/2026 15:31:32] "GET /chunk-6N7CR2RH.js HTTP/1.1" 200 -
::1 - - [31/Jul/2026 15:31:32] "GET /chunk-TYHQVS4O.js HTTP/1.1" 200 -
::1 - - [31/Jul/2026 15:31:32] "GET /chunk-X55GDNL3.js HTTP/1.1" 200 -
::1 - - [31/Jul/2026 15:31:32] "GET /media/primeicons.woff2 HTTP/1.1" 200 -
::1 - - [31/Jul/2026 15:31:32] "GET /chunk-B2R7QU53.js HTTP/1.1" 200 -
::1 - - [31/Jul/2026 15:31:32] "GET /chunk-BC2KZ5KL.js HTTP/1.1" 200 -
::1 - - [31/Jul/2026 15:31:32] "GET /chunk-OLB6YPLC.js HTTP/1.1" 200 -
::1 - - [31/Jul/2026 15:31:32] "GET /chunk-NVW6GPJQ.js HTTP/1.1" 200 -
::1 - - [31/Jul/2026 15:31:32] "GET /chunk-FWW63OJ4.js HTTP/1.1" 200 -
::1 - - [31/Jul/2026 15:31:32] "GET /?padLeft=250 HTTP/1.1" 200 -
::1 - - [31/Jul/2026 15:33:34] "GET /?padLeft=64 HTTP/1.1" 200 -
::1 - - [31/Jul/2026 15:33:34] "GET /styles.css HTTP/1.1" 200 -
::1 - - [31/Jul/2026 15:33:34] "GET /chunk-NRWN5JBX.js HTTP/1.1" 200 -
::1 - - [31/Jul/2026 15:33:34] "GET /chunk-VWDTU7RO.js HTTP/1.1" 200 -
::1 - - [31/Jul/2026 15:33:34] "GET /chunk-A6JLTR6I.js HTTP/1.1" 200 -
::1 - - [31/Jul/2026 15:33:34] "GET /chunk-QCQRRBNO.js HTTP/1.1" 200 -
::1 - - [31/Jul/2026 15:33:34] "GET /chunk-OMPJPS4Q.js HTTP/1.1" 200 -
::1 - - [31/Jul/2026 15:33:34] "GET /chunk-7ULTCUJI.js HTTP/1.1" 200 -
::1 - - [31/Jul/2026 15:33:34] "GET /chunk-QLFCWGUP.js HTTP/1.1" 200 -
::1 - - [31/Jul/2026 15:33:34] "GET /chunk-PDGNWOVK.js HTTP/1.1" 200 -
::1 - - [31/Jul/2026 15:33:34] "GET /chunk-JKR5GP75.js HTTP/1.1" 200 -
::1 - - [31/Jul/2026 15:33:34] "GET /polyfills.js HTTP/1.1" 200 -
::1 - - [31/Jul/2026 15:33:34] "GET /chunk-RWDDEN2R.js HTTP/1.1" 200 -
::1 - - [31/Jul/2026 15:33:34] "GET /main.js HTTP/1.1" 200 -
::1 - - [31/Jul/2026 15:33:34] "GET /scripts.js HTTP/1.1" 200 -
::1 - - [31/Jul/2026 15:33:34] "GET /chunk-GCY3ZVMD.js HTTP/1.1" 200 -
::1 - - [31/Jul/2026 15:33:34] "GET /chunk-ECFI3NUN.js HTTP/1.1" 200 -
::1 - - [31/Jul/2026 15:33:34] "GET /chunk-KFSFVV3J.js HTTP/1.1" 200 -
::1 - - [31/Jul/2026 15:33:34] "GET /chunk-6ZA4BFOO.js HTTP/1.1" 200 -
::1 - - [31/Jul/2026 15:33:34] "GET /chunk-HHJLFNAI.js HTTP/1.1" 200 -
::1 - - [31/Jul/2026 15:33:34] "GET /chunk-MGHTA7Q3.js HTTP/1.1" 200 -
::1 - - [31/Jul/2026 15:33:34] "GET /chunk-4MOJ4O65.js HTTP/1.1" 200 -
::1 - - [31/Jul/2026 15:33:34] "GET /chunk-ZF2JI2OZ.js HTTP/1.1" 200 -
::1 - - [31/Jul/2026 15:33:34] "GET /chunk-RYXOQ5GK.js HTTP/1.1" 200 -
::1 - - [31/Jul/2026 15:33:34] "GET /chunk-H53E6C4H.js HTTP/1.1" 200 -
::1 - - [31/Jul/2026 15:33:34] "GET /chunk-RXJXNHXC.js HTTP/1.1" 200 -
::1 - - [31/Jul/2026 15:33:34] "GET /chunk-FCXAKPID.js HTTP/1.1" 200 -
::1 - - [31/Jul/2026 15:33:34] "GET /chunk-6N7CR2RH.js HTTP/1.1" 200 -
::1 - - [31/Jul/2026 15:33:34] "GET /chunk-G4FIQTRN.js HTTP/1.1" 200 -
::1 - - [31/Jul/2026 15:33:34] "GET /chunk-FVRPRBE5.js HTTP/1.1" 200 -
::1 - - [31/Jul/2026 15:33:34] "GET /chunk-TYHQVS4O.js HTTP/1.1" 200 -
::1 - - [31/Jul/2026 15:33:34] "GET /chunk-QL55EW5I.js HTTP/1.1" 200 -
::1 - - [31/Jul/2026 15:33:34] "GET /chunk-X55GDNL3.js HTTP/1.1" 200 -
::1 - - [31/Jul/2026 15:33:34] "GET /chunk-BC2KZ5KL.js HTTP/1.1" 200 -
::1 - - [31/Jul/2026 15:33:34] "GET /media/primeicons.woff2 HTTP/1.1" 200 -
::1 - - [31/Jul/2026 15:33:34] "GET /chunk-B2R7QU53.js HTTP/1.1" 200 -
::1 - - [31/Jul/2026 15:33:34] "GET /chunk-NVW6GPJQ.js HTTP/1.1" 200 -
::1 - - [31/Jul/2026 15:33:34] "GET /chunk-FWW63OJ4.js HTTP/1.1" 200 -
::1 - - [31/Jul/2026 15:33:34] "GET /chunk-OLB6YPLC.js HTTP/1.1" 200 -
::1 - - [31/Jul/2026 15:33:34] "GET /?padLeft=250 HTTP/1.1" 200 -
::1 - - [31/Jul/2026 15:33:34] "GET /styles.css HTTP/1.1" 304 -
::1 - - [31/Jul/2026 15:33:34] "GET /chunk-VWDTU7RO.js HTTP/1.1" 304 -
::1 - - [31/Jul/2026 15:33:34] "GET /chunk-QCQRRBNO.js HTTP/1.1" 304 -
::1 - - [31/Jul/2026 15:33:34] "GET /chunk-A6JLTR6I.js HTTP/1.1" 304 -
::1 - - [31/Jul/2026 15:33:34] "GET /chunk-NRWN5JBX.js HTTP/1.1" 304 -
::1 - - [31/Jul/2026 15:33:34] "GET /chunk-OMPJPS4Q.js HTTP/1.1" 304 -
::1 - - [31/Jul/2026 15:33:34] "GET /chunk-7ULTCUJI.js HTTP/1.1" 304 -
::1 - - [31/Jul/2026 15:33:34] "GET /chunk-PDGNWOVK.js HTTP/1.1" 304 -
::1 - - [31/Jul/2026 15:33:34] "GET /chunk-QLFCWGUP.js HTTP/1.1" 304 -
::1 - - [31/Jul/2026 15:33:34] "GET /chunk-JKR5GP75.js HTTP/1.1" 304 -
::1 - - [31/Jul/2026 15:33:34] "GET /main.js HTTP/1.1" 304 -
::1 - - [31/Jul/2026 15:33:34] "GET /chunk-RWDDEN2R.js HTTP/1.1" 304 -
::1 - - [31/Jul/2026 15:33:34] "GET /polyfills.js HTTP/1.1" 304 -
::1 - - [31/Jul/2026 15:33:34] "GET /scripts.js HTTP/1.1" 304 -
::1 - - [31/Jul/2026 15:33:34] "GET /chunk-GCY3ZVMD.js HTTP/1.1" 304 -
::1 - - [31/Jul/2026 15:33:34] "GET /chunk-KFSFVV3J.js HTTP/1.1" 304 -
::1 - - [31/Jul/2026 15:33:34] "GET /chunk-ECFI3NUN.js HTTP/1.1" 304 -
::1 - - [31/Jul/2026 15:33:34] "GET /chunk-MGHTA7Q3.js HTTP/1.1" 304 -
::1 - - [31/Jul/2026 15:33:34] "GET /chunk-HHJLFNAI.js HTTP/1.1" 304 -
::1 - - [31/Jul/2026 15:33:34] "GET /chunk-6ZA4BFOO.js HTTP/1.1" 304 -
::1 - - [31/Jul/2026 15:33:34] "GET /chunk-4MOJ4O65.js HTTP/1.1" 304 -
::1 - - [31/Jul/2026 15:33:34] "GET /chunk-ZF2JI2OZ.js HTTP/1.1" 304 -
::1 - - [31/Jul/2026 15:33:34] "GET /chunk-RYXOQ5GK.js HTTP/1.1" 304 -
::1 - - [31/Jul/2026 15:33:34] "GET /chunk-H53E6C4H.js HTTP/1.1" 304 -
::1 - - [31/Jul/2026 15:33:34] "GET /chunk-FCXAKPID.js HTTP/1.1" 304 -
::1 - - [31/Jul/2026 15:33:34] "GET /chunk-RXJXNHXC.js HTTP/1.1" 304 -
::1 - - [31/Jul/2026 15:33:34] "GET /chunk-G4FIQTRN.js HTTP/1.1" 304 -
::1 - - [31/Jul/2026 15:33:34] "GET /chunk-6N7CR2RH.js HTTP/1.1" 304 -
::1 - - [31/Jul/2026 15:33:34] "GET /chunk-FVRPRBE5.js HTTP/1.1" 304 -
::1 - - [31/Jul/2026 15:33:34] "GET /chunk-TYHQVS4O.js HTTP/1.1" 304 -
::1 - - [31/Jul/2026 15:33:34] "GET /chunk-QL55EW5I.js HTTP/1.1" 304 -
::1 - - [31/Jul/2026 15:33:35] "GET /chunk-X55GDNL3.js HTTP/1.1" 304 -
::1 - - [31/Jul/2026 15:33:35] "GET /chunk-B2R7QU53.js HTTP/1.1" 304 -
::1 - - [31/Jul/2026 15:33:35] "GET /chunk-OLB6YPLC.js HTTP/1.1" 304 -
::1 - - [31/Jul/2026 15:33:35] "GET /chunk-BC2KZ5KL.js HTTP/1.1" 304 -
::1 - - [31/Jul/2026 15:33:35] "GET /chunk-FWW63OJ4.js HTTP/1.1" 304 -
::1 - - [31/Jul/2026 15:33:35] "GET /chunk-NVW6GPJQ.js HTTP/1.1" 304 -
::1 - - [31/Jul/2026 15:33:35] "GET /media/primeicons.woff2 HTTP/1.1" 304 -
::1 - - [31/Jul/2026 15:33:35] "GET /?padLeft=64 HTTP/1.1" 304 -
::1 - - [31/Jul/2026 15:33:35] "GET /styles.css HTTP/1.1" 304 -
::1 - - [31/Jul/2026 15:33:35] "GET /chunk-QCQRRBNO.js HTTP/1.1" 304 -
::1 - - [31/Jul/2026 15:33:35] "GET /chunk-VWDTU7RO.js HTTP/1.1" 304 -
::1 - - [31/Jul/2026 15:33:35] "GET /chunk-A6JLTR6I.js HTTP/1.1" 304 -
::1 - - [31/Jul/2026 15:33:35] "GET /chunk-OMPJPS4Q.js HTTP/1.1" 304 -
::1 - - [31/Jul/2026 15:33:35] "GET /chunk-NRWN5JBX.js HTTP/1.1" 304 -
::1 - - [31/Jul/2026 15:33:35] "GET /chunk-QLFCWGUP.js HTTP/1.1" 304 -
::1 - - [31/Jul/2026 15:33:35] "GET /chunk-7ULTCUJI.js HTTP/1.1" 304 -
::1 - - [31/Jul/2026 15:33:35] "GET /chunk-PDGNWOVK.js HTTP/1.1" 304 -
::1 - - [31/Jul/2026 15:33:35] "GET /chunk-JKR5GP75.js HTTP/1.1" 304 -
::1 - - [31/Jul/2026 15:33:35] "GET /chunk-RWDDEN2R.js HTTP/1.1" 304 -
::1 - - [31/Jul/2026 15:33:35] "GET /polyfills.js HTTP/1.1" 304 -
::1 - - [31/Jul/2026 15:33:35] "GET /main.js HTTP/1.1" 304 -
::1 - - [31/Jul/2026 15:33:35] "GET /scripts.js HTTP/1.1" 304 -
::1 - - [31/Jul/2026 15:33:35] "GET /chunk-GCY3ZVMD.js HTTP/1.1" 304 -
::1 - - [31/Jul/2026 15:33:35] "GET /chunk-ECFI3NUN.js HTTP/1.1" 304 -
::1 - - [31/Jul/2026 15:33:35] "GET /chunk-MGHTA7Q3.js HTTP/1.1" 304 -
::1 - - [31/Jul/2026 15:33:35] "GET /chunk-HHJLFNAI.js HTTP/1.1" 304 -
::1 - - [31/Jul/2026 15:33:35] "GET /chunk-6ZA4BFOO.js HTTP/1.1" 304 -
::1 - - [31/Jul/2026 15:33:35] "GET /chunk-KFSFVV3J.js HTTP/1.1" 304 -
::1 - - [31/Jul/2026 15:33:35] "GET /chunk-RXJXNHXC.js HTTP/1.1" 304 -
::1 - - [31/Jul/2026 15:33:35] "GET /chunk-4MOJ4O65.js HTTP/1.1" 304 -
::1 - - [31/Jul/2026 15:33:35] "GET /chunk-FCXAKPID.js HTTP/1.1" 304 -
::1 - - [31/Jul/2026 15:33:35] "GET /chunk-RYXOQ5GK.js HTTP/1.1" 304 -
::1 - - [31/Jul/2026 15:33:35] "GET /chunk-H53E6C4H.js HTTP/1.1" 304 -
::1 - - [31/Jul/2026 15:33:35] "GET /chunk-ZF2JI2OZ.js HTTP/1.1" 304 -
::1 - - [31/Jul/2026 15:33:35] "GET /chunk-FVRPRBE5.js HTTP/1.1" 304 -
::1 - - [31/Jul/2026 15:33:35] "GET /chunk-G4FIQTRN.js HTTP/1.1" 304 -
::1 - - [31/Jul/2026 15:33:35] "GET /chunk-TYHQVS4O.js HTTP/1.1" 304 -
::1 - - [31/Jul/2026 15:33:35] "GET /chunk-6N7CR2RH.js HTTP/1.1" 304 -
::1 - - [31/Jul/2026 15:33:35] "GET /chunk-QL55EW5I.js HTTP/1.1" 304 -
::1 - - [31/Jul/2026 15:33:35] "GET /?padLeft=0 HTTP/1.1" 200 -
